  Determining projects to restore...
/home/micro/Volunteer_sync/src/VolunteerSync.API/VolunteerSync.API.csproj : error NU1107: Version conflict detected for AutoMapper. Install/reference AutoMapper 13.0.1 directly to project VolunteerSync.API to resolve this issue.  [/home/micro/Volunteer_sync/VolunteerSync.sln]
/home/micro/Volunteer_sync/src/VolunteerSync.API/VolunteerSync.API.csproj : error NU1107:  VolunteerSync.API -> VolunteerSync.Application -> AutoMapper (>= 13.0.1)  [/home/micro/Volunteer_sync/VolunteerSync.sln]
/home/micro/Volunteer_sync/src/VolunteerSync.API/VolunteerSync.API.csproj : error NU1107:  VolunteerSync.API -> AutoMapper.Extensions.Microsoft.DependencyInjection 12.0.1 -> AutoMapper (= 12.0.1). [/home/micro/Volunteer_sync/VolunteerSync.sln]
/home/micro/Volunteer_sync/tests/VolunteerSync.Tests/VolunteerSync.Tests.csproj : error NU1107: Version conflict detected for AutoMapper. Install/reference AutoMapper 13.0.1 directly to project VolunteerSync.Tests to resolve this issue.  [/home/micro/Volunteer_sync/VolunteerSync.sln]
/home/micro/Volunteer_sync/tests/VolunteerSync.Tests/VolunteerSync.Tests.csproj : error NU1107:  VolunteerSync.Tests -> VolunteerSync.Application -> AutoMapper (>= 13.0.1)  [/home/micro/Volunteer_sync/VolunteerSync.sln]
/home/micro/Volunteer_sync/tests/VolunteerSync.Tests/VolunteerSync.Tests.csproj : error NU1107:  VolunteerSync.Tests -> VolunteerSync.API -> AutoMapper.Extensions.Microsoft.DependencyInjection 12.0.1 -> AutoMapper (= 12.0.1). [/home/micro/Volunteer_sync/VolunteerSync.sln]
  Failed to restore /home/micro/Volunteer_sync/src/VolunteerSync.API/VolunteerSync.API.csproj (in 701 ms).
  Failed to restore /home/micro/Volunteer_sync/tests/VolunteerSync.Tests/VolunteerSync.Tests.csproj (in 901 ms).
  3 of 5 projects are up-to-date for restore.

Build FAILED.

/home/micro/Volunteer_sync/src/VolunteerSync.API/VolunteerSync.API.csproj : error NU1107: Version conflict detected for AutoMapper. Install/reference AutoMapper 13.0.1 directly to project VolunteerSync.API to resolve this issue.  [/home/micro/Volunteer_sync/VolunteerSync.sln]
/home/micro/Volunteer_sync/src/VolunteerSync.API/VolunteerSync.API.csproj : error NU1107:  VolunteerSync.API -> VolunteerSync.Application -> AutoMapper (>= 13.0.1)  [/home/micro/Volunteer_sync/VolunteerSync.sln]
/home/micro/Volunteer_sync/src/VolunteerSync.API/VolunteerSync.API.csproj : error NU1107:  VolunteerSync.API -> AutoMapper.Extensions.Microsoft.DependencyInjection 12.0.1 -> AutoMapper (= 12.0.1). [/home/micro/Volunteer_sync/VolunteerSync.sln]
/home/micro/Volunteer_sync/tests/VolunteerSync.Tests/VolunteerSync.Tests.csproj : error NU1107: Version conflict detected for AutoMapper. Install/reference AutoMapper 13.0.1 directly to project VolunteerSync.Tests to resolve this issue.  [/home/micro/Volunteer_sync/VolunteerSync.sln]
/home/micro/Volunteer_sync/tests/VolunteerSync.Tests/VolunteerSync.Tests.csproj : error NU1107:  VolunteerSync.Tests -> VolunteerSync.Application -> AutoMapper (>= 13.0.1)  [/home/micro/Volunteer_sync/VolunteerSync.sln]
/home/micro/Volunteer_sync/tests/VolunteerSync.Tests/VolunteerSync.Tests.csproj : error NU1107:  VolunteerSync.Tests -> VolunteerSync.API -> AutoMapper.Extensions.Microsoft.DependencyInjection 12.0.1 -> AutoMapper (= 12.0.1). [/home/micro/Volunteer_sync/VolunteerSync.sln]
    0 Warning(s)
    2 Error(s)

Time Elapsed 00:00:07.18
